// Jest Snapshot v1, https://goo.gl/fbAQLP

exports[`EmptyHandler returns null when called without Component and is not empty 1`] = `null`;

exports[`EmptyHandler returns the EmptyComponent, when the list is empty and called with EmptyComponent 1`] = `
<h2
  className="empty"
>
  no results found
</h2>
`;

exports[`EmptyHandler returns the EmptyMessage, when called without checkedProperty 1`] = `
<div
  className="handler--empty"
>
  no results found
</div>
`;

exports[`EmptyHandler returns the EmptyMessage, when the list is empty 1`] = `
<div
  className="handler--empty"
>
  no results found
</div>
`;

exports[`EmptyHandler returns the component when the element in componentProps is not empty 1`] = `
<h1>
  Test
</h1>
`;
