// Jest Snapshot v1, https://goo.gl/fbAQLP

exports[`react-handler should contain the Handler-Component 1`] = `[Function]`;

exports[`react-handler should contain the SupHandler´s 1`] = `
Object {
  "EmptyHandler": [Function],
  "ErrorEmptyHandler": [Function],
  "ErrorHandler": [Function],
  "LoadingHandler": [Function],
  "default": [Function],
}
`;
